src/pwa.ts(1,28): error TS2307: Cannot find module 'virtual:pwa-register' or its corresponding type declarations.
